// Jest Snapshot v1, https://goo.gl/fbAQLP

exports[`Calculator component should render correctly 1`] = `
<div
  className="main"
>
  <h2>
    Lets do some math!
  </h2>
  <div
    className="mainSection"
  >
    <div
      className="input"
    >
       
       
    </div>
    <div
      className="row"
    >
      <button
        className="simpleButton"
        onClick={[Function]}
      >
        AC
      </button>
      <button
        className="simpleButton"
        onClick={[Function]}
      >
        +/-
      </button>
      <button
        className="simpleButton"
        onClick={[Function]}
      >
        %
      </button>
      <button
        className="expressionButton"
        onClick={[Function]}
      >
        รท
      </button>
    </div>
    <div
      className="row"
    >
      <button
        className="simpleButton"
        onClick={[Function]}
      >
        7
      </button>
      <button
        className="simpleButton"
        onClick={[Function]}
      >
        8
      </button>
      <button
        className="simpleButton"
        onClick={[Function]}
      >
        9
      </button>
      <button
        className="expressionButton"
        onClick={[Function]}
      >
        x
      </button>
    </div>
    <div
      className="row"
    >
      <button
        className="simpleButton"
        onClick={[Function]}
      >
        4
      </button>
      <button
        className="simpleButton"
        onClick={[Function]}
      >
        5
      </button>
      <button
        className="simpleButton"
        onClick={[Function]}
      >
        6
      </button>
      <button
        className="expressionButton"
        onClick={[Function]}
      >
        -
      </button>
    </div>
    <div
      className="row"
    >
      <button
        className="simpleButton"
        onClick={[Function]}
      >
        1
      </button>
      <button
        className="simpleButton"
        onClick={[Function]}
      >
        2
      </button>
      <button
        className="simpleButton"
        onClick={[Function]}
      >
        3
      </button>
      <button
        className="expressionButton"
        onClick={[Function]}
      >
        +
      </button>
    </div>
    <div
      className="row"
    >
      <button
        className="zeroButton"
        onClick={[Function]}
      >
        0
      </button>
      <button
        className="simpleButton"
        onClick={[Function]}
      >
        .
      </button>
      <button
        className="expressionButton"
        onClick={[Function]}
      >
        =
      </button>
    </div>
  </div>
</div>
`;
