// Jest Snapshot v1, https://goo.gl/fbAQLP

exports[`Navbar component should render correctly 1`] = `
<div
  className="navBar"
>
  <h1>
    Math Magicians
  </h1>
  <ul>
    <li>
      <a
        href="/"
        onClick={[Function]}
      >
        Home
      </a>
    </li>
    <li>
      <a
        href="/calculator"
        onClick={[Function]}
      >
        Calculator
      </a>
    </li>
    <li>
      <a
        href="/quote"
        onClick={[Function]}
      >
        Quote
      </a>
    </li>
  </ul>
</div>
`;
