// Jest Snapshot v1, https://goo.gl/fbAQLP

exports[`Quote component should render correctly 1`] = `
<h2>
  Loading...
</h2>
`;
